// Jest Snapshot v1, https://goo.gl/fbAQLP

exports[`InsumosScreen mantém o snapshot dos saldos em tempo real 1`] = `
<RCTScrollView
  contentContainerStyle={
    [
      {
        "paddingBottom": 16,
        "paddingHorizontal": 16,
        "paddingTop": 16,
      },
      undefined,
    ]
  }
  keyboardShouldPersistTaps="handled"
  refreshControl={
    <RefreshControlMock
      colors={
        [
          "#0B5FFF",
        ]
      }
      onRefresh={[Function]}
      refreshing={false}
      tintColor="#0B5FFF"
    />
  }
  style={
    {
      "backgroundColor": "#F4F6FB",
      "flex": 1,
    }
  }
>
  <RCTRefreshControl />
  <View>
    <View
      style={
        [
          {
            "backgroundColor": "#FFFFFF",
            "borderRadius": 16,
            "elevation": 2,
            "marginBottom": 12,
            "padding": 16,
            "shadowColor": "#0B1B3A",
            "shadowOffset": {
              "height": 2,
              "width": 0,
            },
            "shadowOpacity": 0.08,
            "shadowRadius": 8,
          },
          undefined,
        ]
      }
    >
      <Text
        style={
          {
            "color": "#11203A",
            "fontSize": 15,
            "fontWeight": "700",
            "marginBottom": 12,
          }
        }
      >
        Saldos em tempo real
      </Text>
      <View
        accessibilityState={
          {
            "busy": undefined,
            "checked": undefined,
            "disabled": undefined,
            "expanded": undefined,
            "selected": undefined,
          }
        }
        accessibilityValue={
          {
            "max": undefined,
            "min": undefined,
            "now": undefined,
            "text": undefined,
          }
        }
        accessible={true}
        collapsable={false}
        focusable={true}
        onBlur={[Function]}
        onClick={[Function]}
        onFocus={[Function]}
        onResponderGrant={[Function]}
        onResponderMove={[Function]}
        onResponderRelease={[Function]}
        onResponderTerminate={[Function]}
        onResponderTerminationRequest={[Function]}
        onStartShouldSetResponder={[Function]}
        style={
          {
            "alignItems": "center",
            "borderBottomColor": "#EAEEF6",
            "borderBottomWidth": 0.5,
            "flexDirection": "row",
            "justifyContent": "space-between",
            "paddingVertical": 12,
          }
        }
      >
        <View
          style={
            {
              "flex": 1,
            }
          }
        >
          <Text
            style={
              {
                "color": "#11203A",
                "fontSize": 15,
                "fontWeight": "600",
              }
            }
          >
            Sacola P
          </Text>
          <Text
            style={
              {
                "color": "#5A6886",
                "fontSize": 12,
                "fontWeight": "400",
                "marginTop": 2,
              }
            }
          >
            Sacola
             · mín. 
            50
          </Text>
        </View>
        <View
          style={
            {
              "alignItems": "center",
              "flexDirection": "row",
              "gap": 8,
            }
          }
        >
          <Text
            style={
              {
                "color": "#11203A",
                "fontSize": 18,
                "fontWeight": "600",
              }
            }
          >
            320
          </Text>
          <Text
            testID="icon-chevron-forward"
          >
            chevron-forward
          </Text>
        </View>
      </View>
      <View
        accessibilityState={
          {
            "busy": undefined,
            "checked": undefined,
            "disabled": undefined,
            "expanded": undefined,
            "selected": undefined,
          }
        }
        accessibilityValue={
          {
            "max": undefined,
            "min": undefined,
            "now": undefined,
            "text": undefined,
          }
        }
        accessible={true}
        collapsable={false}
        focusable={true}
        onBlur={[Function]}
        onClick={[Function]}
        onFocus={[Function]}
        onResponderGrant={[Function]}
        onResponderMove={[Function]}
        onResponderRelease={[Function]}
        onResponderTerminate={[Function]}
        onResponderTerminationRequest={[Function]}
        onStartShouldSetResponder={[Function]}
        style={
          {
            "alignItems": "center",
            "borderBottomColor": "#EAEEF6",
            "borderBottomWidth": 0.5,
            "flexDirection": "row",
            "justifyContent": "space-between",
            "paddingVertical": 12,
          }
        }
      >
        <View
          style={
            {
              "flex": 1,
            }
          }
        >
          <Text
            style={
              {
                "color": "#11203A",
                "fontSize": 15,
                "fontWeight": "600",
              }
            }
          >
            Bobina 80mm
          </Text>
          <Text
            style={
              {
                "color": "#5A6886",
                "fontSize": 12,
                "fontWeight": "400",
                "marginTop": 2,
              }
            }
          >
            Bobina
             · mín. 
            10
          </Text>
        </View>
        <View
          style={
            {
              "alignItems": "center",
              "flexDirection": "row",
              "gap": 8,
            }
          }
        >
          <Text
            style={
              {
                "color": "#11203A",
                "fontSize": 18,
                "fontWeight": "600",
              }
            }
          >
            8
          </Text>
          <View
            style={
              [
                {
                  "alignItems": "center",
                  "alignSelf": "flex-start",
                  "borderRadius": 999,
                  "flexDirection": "row",
                  "paddingHorizontal": 8,
                  "paddingVertical": 4,
                },
                {
                  "backgroundColor": "#FBE6E6",
                },
              ]
            }
          >
            <View
              style={
                [
                  {
                    "borderRadius": 4,
                    "height": 8,
                    "marginRight": 4,
                    "width": 8,
                  },
                  {
                    "backgroundColor": "#D23B3B",
                  },
                ]
              }
            />
            <Text
              style={
                [
                  {
                    "fontSize": 12,
                    "fontWeight": "600",
                  },
                  {
                    "color": "#D23B3B",
                  },
                ]
              }
            >
              Baixo
            </Text>
          </View>
          <Text
            testID="icon-chevron-forward"
          >
            chevron-forward
          </Text>
        </View>
      </View>
    </View>
    <View
      style={
        [
          {
            "backgroundColor": "#FFFFFF",
            "borderRadius": 16,
            "elevation": 2,
            "marginBottom": 12,
            "padding": 16,
            "shadowColor": "#0B1B3A",
            "shadowOffset": {
              "height": 2,
              "width": 0,
            },
            "shadowOpacity": 0.08,
            "shadowRadius": 8,
          },
          undefined,
        ]
      }
    >
      <Text
        style={
          {
            "color": "#11203A",
            "fontSize": 15,
            "fontWeight": "700",
            "marginBottom": 12,
          }
        }
      >
        Retirada de fardo (sacolas)
      </Text>
      <Text
        style={
          {
            "color": "#5A6886",
            "fontSize": 13,
            "fontWeight": "600",
            "marginBottom": 4,
          }
        }
      >
        Insumo de sacolas
      </Text>
      <View
        style={
          {
            "flexDirection": "row",
            "flexWrap": "wrap",
            "gap": 8,
            "marginBottom": 8,
          }
        }
      >
        <View
          accessibilityState={
            {
              "busy": undefined,
              "checked": undefined,
              "disabled": undefined,
              "expanded": undefined,
              "selected": undefined,
            }
          }
          accessibilityValue={
            {
              "max": undefined,
              "min": undefined,
              "now": undefined,
              "text": undefined,
            }
          }
          accessible={true}
          collapsable={false}
          focusable={true}
          onBlur={[Function]}
          onClick={[Function]}
          onFocus={[Function]}
          onResponderGrant={[Function]}
          onResponderMove={[Function]}
          onResponderRelease={[Function]}
          onResponderTerminate={[Function]}
          onResponderTerminationRequest={[Function]}
          onStartShouldSetResponder={[Function]}
          style={
            [
              {
                "backgroundColor": "#F0F2F8",
                "borderColor": "#DDE3EF",
                "borderRadius": 999,
                "borderWidth": 1,
                "paddingHorizontal": 12,
                "paddingVertical": 4,
              },
              false,
            ]
          }
        >
          <Text
            style={
              [
                {
                  "color": "#5A6886",
                  "fontSize": 12,
                  "fontWeight": "400",
                },
                false,
              ]
            }
          >
            Sacola P
          </Text>
        </View>
      </View>
      <View
        accessibilityRole="button"
        accessibilityState={
          {
            "busy": undefined,
            "checked": undefined,
            "disabled": false,
            "expanded": undefined,
            "selected": undefined,
          }
        }
        accessibilityValue={
          {
            "max": undefined,
            "min": undefined,
            "now": undefined,
            "text": undefined,
          }
        }
        accessible={true}
        collapsable={false}
        focusable={true}
        onBlur={[Function]}
        onClick={[Function]}
        onFocus={[Function]}
        onResponderGrant={[Function]}
        onResponderMove={[Function]}
        onResponderRelease={[Function]}
        onResponderTerminate={[Function]}
        onResponderTerminationRequest={[Function]}
        onStartShouldSetResponder={[Function]}
        style={
          [
            {
              "alignItems": "center",
              "borderRadius": 10,
              "justifyContent": "center",
              "minHeight": 48,
              "paddingHorizontal": 16,
            },
            {
              "backgroundColor": "#0B5FFF",
            },
            false,
            false,
            false,
            {
              "marginTop": 8,
            },
          ]
        }
      >
        <Text
          style={
            [
              {
                "fontSize": 15,
                "fontWeight": "600",
              },
              {
                "color": "#FFFFFF",
              },
            ]
          }
        >
          Ler código de barras
        </Text>
      </View>
    </View>
    <View
      style={
        [
          {
            "backgroundColor": "#FFFFFF",
            "borderRadius": 16,
            "elevation": 2,
            "marginBottom": 12,
            "padding": 16,
            "shadowColor": "#0B1B3A",
            "shadowOffset": {
              "height": 2,
              "width": 0,
            },
            "shadowOpacity": 0.08,
            "shadowRadius": 8,
          },
          undefined,
        ]
      }
    >
      <Text
        style={
          {
            "color": "#11203A",
            "fontSize": 15,
            "fontWeight": "700",
            "marginBottom": 12,
          }
        }
      >
        Registrar consumo
      </Text>
      <Text
        style={
          {
            "color": "#5A6886",
            "fontSize": 13,
            "fontWeight": "600",
            "marginBottom": 4,
          }
        }
      >
        Insumo
      </Text>
      <View
        style={
          {
            "flexDirection": "row",
            "flexWrap": "wrap",
            "gap": 8,
            "marginBottom": 8,
          }
        }
      >
        <View
          accessibilityState={
            {
              "busy": undefined,
              "checked": undefined,
              "disabled": undefined,
              "expanded": undefined,
              "selected": undefined,
            }
          }
          accessibilityValue={
            {
              "max": undefined,
              "min": undefined,
              "now": undefined,
              "text": undefined,
            }
          }
          accessible={true}
          collapsable={false}
          focusable={true}
          onBlur={[Function]}
          onClick={[Function]}
          onFocus={[Function]}
          onResponderGrant={[Function]}
          onResponderMove={[Function]}
          onResponderRelease={[Function]}
          onResponderTerminate={[Function]}
          onResponderTerminationRequest={[Function]}
          onStartShouldSetResponder={[Function]}
          style={
            [
              {
                "backgroundColor": "#F0F2F8",
                "borderColor": "#DDE3EF",
                "borderRadius": 999,
                "borderWidth": 1,
                "paddingHorizontal": 12,
                "paddingVertical": 4,
              },
              false,
            ]
          }
        >
          <Text
            style={
              [
                {
                  "color": "#5A6886",
                  "fontSize": 12,
                  "fontWeight": "400",
                },
                false,
              ]
            }
          >
            Sacola P
          </Text>
        </View>
        <View
          accessibilityState={
            {
              "busy": undefined,
              "checked": undefined,
              "disabled": undefined,
              "expanded": undefined,
              "selected": undefined,
            }
          }
          accessibilityValue={
            {
              "max": undefined,
              "min": undefined,
              "now": undefined,
              "text": undefined,
            }
          }
          accessible={true}
          collapsable={false}
          focusable={true}
          onBlur={[Function]}
          onClick={[Function]}
          onFocus={[Function]}
          onResponderGrant={[Function]}
          onResponderMove={[Function]}
          onResponderRelease={[Function]}
          onResponderTerminate={[Function]}
          onResponderTerminationRequest={[Function]}
          onStartShouldSetResponder={[Function]}
          style={
            [
              {
                "backgroundColor": "#F0F2F8",
                "borderColor": "#DDE3EF",
                "borderRadius": 999,
                "borderWidth": 1,
                "paddingHorizontal": 12,
                "paddingVertical": 4,
              },
              false,
            ]
          }
        >
          <Text
            style={
              [
                {
                  "color": "#5A6886",
                  "fontSize": 12,
                  "fontWeight": "400",
                },
                false,
              ]
            }
          >
            Bobina 80mm
          </Text>
        </View>
      </View>
      <View
        style={
          {
            "marginBottom": 12,
          }
        }
      >
        <Text
          style={
            {
              "color": "#5A6886",
              "fontSize": 13,
              "fontWeight": "600",
              "marginBottom": 4,
            }
          }
        >
          Quantidade
        </Text>
        <TextInput
          keyboardType="number-pad"
          onChangeText={[Function]}
          placeholder="0"
          placeholderTextColor="#5A6886"
          style={
            [
              {
                "backgroundColor": "#FFFFFF",
                "borderColor": "#DDE3EF",
                "borderRadius": 10,
                "borderWidth": 1,
                "color": "#11203A",
                "fontSize": 15,
                "minHeight": 48,
                "paddingHorizontal": 12,
              },
              null,
              undefined,
            ]
          }
          value=""
        />
      </View>
      <View
        accessibilityRole="button"
        accessibilityState={
          {
            "busy": undefined,
            "checked": undefined,
            "disabled": false,
            "expanded": undefined,
            "selected": undefined,
          }
        }
        accessibilityValue={
          {
            "max": undefined,
            "min": undefined,
            "now": undefined,
            "text": undefined,
          }
        }
        accessible={true}
        collapsable={false}
        focusable={true}
        onBlur={[Function]}
        onClick={[Function]}
        onFocus={[Function]}
        onResponderGrant={[Function]}
        onResponderMove={[Function]}
        onResponderRelease={[Function]}
        onResponderTerminate={[Function]}
        onResponderTerminationRequest={[Function]}
        onStartShouldSetResponder={[Function]}
        style={
          [
            {
              "alignItems": "center",
              "borderRadius": 10,
              "justifyContent": "center",
              "minHeight": 48,
              "paddingHorizontal": 16,
            },
            {
              "backgroundColor": "#0B5FFF",
            },
            false,
            false,
            false,
            undefined,
          ]
        }
      >
        <Text
          style={
            [
              {
                "fontSize": 15,
                "fontWeight": "600",
              },
              {
                "color": "#FFFFFF",
              },
            ]
          }
        >
          Registrar consumo
        </Text>
      </View>
    </View>
    <View
      style={
        [
          {
            "backgroundColor": "#FFFFFF",
            "borderRadius": 16,
            "elevation": 2,
            "marginBottom": 12,
            "padding": 16,
            "shadowColor": "#0B1B3A",
            "shadowOffset": {
              "height": 2,
              "width": 0,
            },
            "shadowOpacity": 0.08,
            "shadowRadius": 8,
          },
          undefined,
        ]
      }
    >
      <Text
        style={
          {
            "color": "#11203A",
            "fontSize": 15,
            "fontWeight": "700",
            "marginBottom": 12,
          }
        }
      >
        Cadastrar insumo
      </Text>
      <View
        style={
          {
            "marginBottom": 12,
          }
        }
      >
        <Text
          style={
            {
              "color": "#5A6886",
              "fontSize": 13,
              "fontWeight": "600",
              "marginBottom": 4,
            }
          }
        >
          Nome
        </Text>
        <TextInput
          onChangeText={[Function]}
          placeholder="Nome do insumo"
          placeholderTextColor="#5A6886"
          style={
            [
              {
                "backgroundColor": "#FFFFFF",
                "borderColor": "#DDE3EF",
                "borderRadius": 10,
                "borderWidth": 1,
                "color": "#11203A",
                "fontSize": 15,
                "minHeight": 48,
                "paddingHorizontal": 12,
              },
              null,
              undefined,
            ]
          }
          value=""
        />
      </View>
      <Text
        style={
          {
            "color": "#5A6886",
            "fontSize": 13,
            "fontWeight": "600",
            "marginBottom": 4,
          }
        }
      >
        Categoria
      </Text>
      <View
        style={
          {
            "backgroundColor": "#F0F2F8",
            "borderRadius": 10,
            "flexDirection": "row",
            "marginBottom": 12,
            "padding": 4,
          }
        }
      >
        <View
          accessibilityState={
            {
              "busy": undefined,
              "checked": undefined,
              "disabled": undefined,
              "expanded": undefined,
              "selected": undefined,
            }
          }
          accessibilityValue={
            {
              "max": undefined,
              "min": undefined,
              "now": undefined,
              "text": undefined,
            }
          }
          accessible={true}
          collapsable={false}
          focusable={true}
          onBlur={[Function]}
          onClick={[Function]}
          onFocus={[Function]}
          onResponderGrant={[Function]}
          onResponderMove={[Function]}
          onResponderRelease={[Function]}
          onResponderTerminate={[Function]}
          onResponderTerminationRequest={[Function]}
          onStartShouldSetResponder={[Function]}
          style={
            [
              {
                "alignItems": "center",
                "borderRadius": 6,
                "flex": 1,
                "paddingVertical": 8,
              },
              {
                "backgroundColor": "#FFFFFF",
              },
            ]
          }
        >
          <Text
            style={
              [
                {
                  "color": "#5A6886",
                  "fontSize": 13,
                  "fontWeight": "600",
                },
                {
                  "color": "#0B5FFF",
                },
              ]
            }
          >
            Sacola
          </Text>
        </View>
        <View
          accessibilityState={
            {
              "busy": undefined,
              "checked": undefined,
              "disabled": undefined,
              "expanded": undefined,
              "selected": undefined,
            }
          }
          accessibilityValue={
            {
              "max": undefined,
              "min": undefined,
              "now": undefined,
              "text": undefined,
            }
          }
          accessible={true}
          collapsable={false}
          focusable={true}
          onBlur={[Function]}
          onClick={[Function]}
          onFocus={[Function]}
          onResponderGrant={[Function]}
          onResponderMove={[Function]}
          onResponderRelease={[Function]}
          onResponderTerminate={[Function]}
          onResponderTerminationRequest={[Function]}
          onStartShouldSetResponder={[Function]}
          style={
            [
              {
                "alignItems": "center",
                "borderRadius": 6,
                "flex": 1,
                "paddingVertical": 8,
              },
              false,
            ]
          }
        >
          <Text
            style={
              [
                {
                  "color": "#5A6886",
                  "fontSize": 13,
                  "fontWeight": "600",
                },
                false,
              ]
            }
          >
            Bobina
          </Text>
        </View>
        <View
          accessibilityState={
            {
              "busy": undefined,
              "checked": undefined,
              "disabled": undefined,
              "expanded": undefined,
              "selected": undefined,
            }
          }
          accessibilityValue={
            {
              "max": undefined,
              "min": undefined,
              "now": undefined,
              "text": undefined,
            }
          }
          accessible={true}
          collapsable={false}
          focusable={true}
          onBlur={[Function]}
          onClick={[Function]}
          onFocus={[Function]}
          onResponderGrant={[Function]}
          onResponderMove={[Function]}
          onResponderRelease={[Function]}
          onResponderTerminate={[Function]}
          onResponderTerminationRequest={[Function]}
          onStartShouldSetResponder={[Function]}
          style={
            [
              {
                "alignItems": "center",
                "borderRadius": 6,
                "flex": 1,
                "paddingVertical": 8,
              },
              false,
            ]
          }
        >
          <Text
            style={
              [
                {
                  "color": "#5A6886",
                  "fontSize": 13,
                  "fontWeight": "600",
                },
                false,
              ]
            }
          >
            Pano
          </Text>
        </View>
        <View
          accessibilityState={
            {
              "busy": undefined,
              "checked": undefined,
              "disabled": undefined,
              "expanded": undefined,
              "selected": undefined,
            }
          }
          accessibilityValue={
            {
              "max": undefined,
              "min": undefined,
              "now": undefined,
              "text": undefined,
            }
          }
          accessible={true}
          collapsable={false}
          focusable={true}
          onBlur={[Function]}
          onClick={[Function]}
          onFocus={[Function]}
          onResponderGrant={[Function]}
          onResponderMove={[Function]}
          onResponderRelease={[Function]}
          onResponderTerminate={[Function]}
          onResponderTerminationRequest={[Function]}
          onStartShouldSetResponder={[Function]}
          style={
            [
              {
                "alignItems": "center",
                "borderRadius": 6,
                "flex": 1,
                "paddingVertical": 8,
              },
              false,
            ]
          }
        >
          <Text
            style={
              [
                {
                  "color": "#5A6886",
                  "fontSize": 13,
                  "fontWeight": "600",
                },
                false,
              ]
            }
          >
            Outro
          </Text>
        </View>
      </View>
      <View
        style={
          {
            "marginBottom": 12,
          }
        }
      >
        <Text
          style={
            {
              "color": "#5A6886",
              "fontSize": 13,
              "fontWeight": "600",
              "marginBottom": 4,
            }
          }
        >
          Limite mínimo
        </Text>
        <TextInput
          keyboardType="number-pad"
          onChangeText={[Function]}
          placeholder="0"
          placeholderTextColor="#5A6886"
          style={
            [
              {
                "backgroundColor": "#FFFFFF",
                "borderColor": "#DDE3EF",
                "borderRadius": 10,
                "borderWidth": 1,
                "color": "#11203A",
                "fontSize": 15,
                "minHeight": 48,
                "paddingHorizontal": 12,
              },
              null,
              undefined,
            ]
          }
          value=""
        />
      </View>
      <View
        style={
          {
            "marginBottom": 12,
          }
        }
      >
        <Text
          style={
            {
              "color": "#5A6886",
              "fontSize": 13,
              "fontWeight": "600",
              "marginBottom": 4,
            }
          }
        >
          Saldo inicial
        </Text>
        <TextInput
          keyboardType="number-pad"
          onChangeText={[Function]}
          placeholder="0"
          placeholderTextColor="#5A6886"
          style={
            [
              {
                "backgroundColor": "#FFFFFF",
                "borderColor": "#DDE3EF",
                "borderRadius": 10,
                "borderWidth": 1,
                "color": "#11203A",
                "fontSize": 15,
                "minHeight": 48,
                "paddingHorizontal": 12,
              },
              null,
              undefined,
            ]
          }
          value=""
        />
      </View>
      <View
        accessibilityRole="button"
        accessibilityState={
          {
            "busy": undefined,
            "checked": undefined,
            "disabled": false,
            "expanded": undefined,
            "selected": undefined,
          }
        }
        accessibilityValue={
          {
            "max": undefined,
            "min": undefined,
            "now": undefined,
            "text": undefined,
          }
        }
        accessible={true}
        collapsable={false}
        focusable={true}
        onBlur={[Function]}
        onClick={[Function]}
        onFocus={[Function]}
        onResponderGrant={[Function]}
        onResponderMove={[Function]}
        onResponderRelease={[Function]}
        onResponderTerminate={[Function]}
        onResponderTerminationRequest={[Function]}
        onStartShouldSetResponder={[Function]}
        style={
          [
            {
              "alignItems": "center",
              "borderRadius": 10,
              "justifyContent": "center",
              "minHeight": 48,
              "paddingHorizontal": 16,
            },
            {
              "backgroundColor": "#0B5FFF",
            },
            false,
            false,
            false,
            undefined,
          ]
        }
      >
        <Text
          style={
            [
              {
                "fontSize": 15,
                "fontWeight": "600",
              },
              {
                "color": "#FFFFFF",
              },
            ]
          }
        >
          Cadastrar
        </Text>
      </View>
      <View
        style={
          [
            {
              "alignItems": "flex-start",
              "borderRadius": 10,
              "flexDirection": "row",
              "gap": 8,
              "marginBottom": 12,
              "padding": 12,
            },
            {
              "backgroundColor": "#E7F0FF",
            },
          ]
        }
      >
        <Text
          testID="icon-information-circle-outline"
        >
          information-circle-outline
        </Text>
        <Text
          style={
            [
              {
                "flex": 1,
                "fontSize": 12,
                "fontWeight": "400",
                "lineHeight": 18,
              },
              {
                "color": "#0B5FFF",
              },
            ]
          }
        >
          Insumos cadastrados ficam disponíveis neste aparelho para acompanhamento de saldo.
        </Text>
      </View>
    </View>
  </View>
</RCTScrollView>
`;
