// Jest Snapshot v1, https://goo.gl/fbAQLP

exports[`InsumosScreen mantém o snapshot do painel 1`] = `
<RCTScrollView
  contentContainerStyle={
    [
      {
        "paddingBottom": 16,
        "paddingHorizontal": 16,
        "paddingTop": 16,
      },
      undefined,
    ]
  }
  keyboardShouldPersistTaps="handled"
  refreshControl={
    <RefreshControlMock
      colors={
        [
          "#C8102E",
        ]
      }
      onRefresh={[Function]}
      refreshing={false}
      tintColor="#C8102E"
    />
  }
  style={
    {
      "backgroundColor": "#F5F5F7",
      "flex": 1,
    }
  }
>
  <RCTRefreshControl />
  <View>
    <View
      accessibilityState={
        {
          "busy": undefined,
          "checked": undefined,
          "disabled": undefined,
          "expanded": undefined,
          "selected": undefined,
        }
      }
      accessibilityValue={
        {
          "max": undefined,
          "min": undefined,
          "now": undefined,
          "text": undefined,
        }
      }
      accessible={true}
      collapsable={false}
      focusable={true}
      onBlur={[Function]}
      onClick={[Function]}
      onFocus={[Function]}
      onResponderGrant={[Function]}
      onResponderMove={[Function]}
      onResponderRelease={[Function]}
      onResponderTerminate={[Function]}
      onResponderTerminationRequest={[Function]}
      onStartShouldSetResponder={[Function]}
    >
      <View
        style={
          [
            {
              "backgroundColor": "#FFFFFF",
              "borderRadius": 16,
              "elevation": 2,
              "marginBottom": 12,
              "padding": 16,
              "shadowColor": "#0B1B3A",
              "shadowOffset": {
                "height": 2,
                "width": 0,
              },
              "shadowOpacity": 0.08,
              "shadowRadius": 8,
            },
            undefined,
          ]
        }
      >
        <View
          style={
            {
              "alignItems": "center",
              "flexDirection": "row",
              "gap": 12,
            }
          }
        >
          <Text
            testID="icon-file-tray-full-outline"
          >
            file-tray-full-outline
          </Text>
          <View
            style={
              {
                "flex": 1,
              }
            }
          >
            <Text
              style={
                {
                  "color": "#1A1A1F",
                  "fontSize": 15,
                  "fontWeight": "700",
                }
              }
            >
              Requisições
            </Text>
            <Text
              style={
                {
                  "color": "#5C5C6B",
                  "fontSize": 12,
                  "fontWeight": "400",
                  "marginTop": 2,
                }
              }
            >
              Solicitar insumos e aprovar pedidos
            </Text>
          </View>
          <Text
            testID="icon-chevron-forward"
          >
            chevron-forward
          </Text>
        </View>
      </View>
    </View>
    <View
      accessibilityState={
        {
          "busy": undefined,
          "checked": undefined,
          "disabled": undefined,
          "expanded": undefined,
          "selected": undefined,
        }
      }
      accessibilityValue={
        {
          "max": undefined,
          "min": undefined,
          "now": undefined,
          "text": undefined,
        }
      }
      accessible={true}
      collapsable={false}
      focusable={true}
      onBlur={[Function]}
      onClick={[Function]}
      onFocus={[Function]}
      onResponderGrant={[Function]}
      onResponderMove={[Function]}
      onResponderRelease={[Function]}
      onResponderTerminate={[Function]}
      onResponderTerminationRequest={[Function]}
      onStartShouldSetResponder={[Function]}
    >
      <View
        style={
          [
            {
              "backgroundColor": "#FFFFFF",
              "borderRadius": 16,
              "elevation": 2,
              "marginBottom": 12,
              "padding": 16,
              "shadowColor": "#0B1B3A",
              "shadowOffset": {
                "height": 2,
                "width": 0,
              },
              "shadowOpacity": 0.08,
              "shadowRadius": 8,
            },
            undefined,
          ]
        }
      >
        <View
          style={
            {
              "alignItems": "flex-start",
              "flexDirection": "row",
              "justifyContent": "space-between",
            }
          }
        >
          <Text
            style={
              [
                {
                  "color": "#1A1A1F",
                  "fontSize": 18,
                  "fontWeight": "600",
                },
                {
                  "flex": 1,
                },
              ]
            }
          >
            Sacolas
          </Text>
          <View
            style={
              [
                {
                  "alignItems": "center",
                  "alignSelf": "flex-start",
                  "borderRadius": 999,
                  "flexDirection": "row",
                  "paddingHorizontal": 8,
                  "paddingVertical": 4,
                },
                {
                  "backgroundColor": "#E4F6EC",
                },
              ]
            }
          >
            <View
              style={
                [
                  {
                    "borderRadius": 4,
                    "height": 8,
                    "marginRight": 4,
                    "width": 8,
                  },
                  {
                    "backgroundColor": "#1E9E5A",
                  },
                ]
              }
            />
            <Text
              style={
                [
                  {
                    "fontSize": 12,
                    "fontWeight": "600",
                  },
                  {
                    "color": "#1E9E5A",
                  },
                ]
              }
            >
              OK
            </Text>
          </View>
        </View>
        <View
          style={
            {
              "alignItems": "baseline",
              "flexDirection": "row",
              "gap": 8,
              "marginTop": 8,
            }
          }
        >
          <Text
            style={
              {
                "color": "#1A1A1F",
                "fontSize": 26,
                "fontWeight": "700",
              }
            }
          >
            3,2 Fardos
          </Text>
        </View>
        <View
          style={
            {
              "flexDirection": "row",
              "gap": 12,
              "marginTop": 12,
            }
          }
        >
          <View
            style={
              {
                "flex": 1,
              }
            }
          >
            <Text
              style={
                {
                  "color": "#5C5C6B",
                  "fontSize": 12,
                  "fontWeight": "400",
                }
              }
            >
              Consumo (7 dias)
            </Text>
            <Text
              style={
                {
                  "color": "#1A1A1F",
                  "fontSize": 15,
                  "fontWeight": "600",
                  "marginTop": 2,
                }
              }
            >
              500
            </Text>
          </View>
          <View
            style={
              {
                "flex": 1,
              }
            }
          >
            <Text
              style={
                {
                  "color": "#5C5C6B",
                  "fontSize": 12,
                  "fontWeight": "400",
                }
              }
            >
              Entrada (7 dias)
            </Text>
            <Text
              style={
                {
                  "color": "#1A1A1F",
                  "fontSize": 15,
                  "fontWeight": "600",
                  "marginTop": 2,
                }
              }
            >
              1.000
            </Text>
          </View>
        </View>
        <View
          style={
            {
              "alignItems": "center",
              "borderTopColor": "#EDEDF2",
              "borderTopWidth": 0.5,
              "flexDirection": "row",
              "justifyContent": "space-between",
              "marginTop": 12,
              "paddingTop": 8,
            }
          }
        >
          <Text
            style={
              {
                "color": "#5C5C6B",
                "flex": 1,
                "fontSize": 12,
                "fontWeight": "400",
              }
            }
          >
            Dura ~45 dia(s) no ritmo atual
          </Text>
          <Text
            testID="icon-chevron-forward"
          >
            chevron-forward
          </Text>
        </View>
      </View>
    </View>
    <View
      accessibilityState={
        {
          "busy": undefined,
          "checked": undefined,
          "disabled": undefined,
          "expanded": undefined,
          "selected": undefined,
        }
      }
      accessibilityValue={
        {
          "max": undefined,
          "min": undefined,
          "now": undefined,
          "text": undefined,
        }
      }
      accessible={true}
      collapsable={false}
      focusable={true}
      onBlur={[Function]}
      onClick={[Function]}
      onFocus={[Function]}
      onResponderGrant={[Function]}
      onResponderMove={[Function]}
      onResponderRelease={[Function]}
      onResponderTerminate={[Function]}
      onResponderTerminationRequest={[Function]}
      onStartShouldSetResponder={[Function]}
    >
      <View
        style={
          [
            {
              "backgroundColor": "#FFFFFF",
              "borderRadius": 16,
              "elevation": 2,
              "marginBottom": 12,
              "padding": 16,
              "shadowColor": "#0B1B3A",
              "shadowOffset": {
                "height": 2,
                "width": 0,
              },
              "shadowOpacity": 0.08,
              "shadowRadius": 8,
            },
            undefined,
          ]
        }
      >
        <View
          style={
            {
              "alignItems": "flex-start",
              "flexDirection": "row",
              "justifyContent": "space-between",
            }
          }
        >
          <Text
            style={
              [
                {
                  "color": "#1A1A1F",
                  "fontSize": 18,
                  "fontWeight": "600",
                },
                {
                  "flex": 1,
                },
              ]
            }
          >
            Bobina
          </Text>
          <View
            style={
              [
                {
                  "alignItems": "center",
                  "alignSelf": "flex-start",
                  "borderRadius": 999,
                  "flexDirection": "row",
                  "paddingHorizontal": 8,
                  "paddingVertical": 4,
                },
                {
                  "backgroundColor": "#FBE6E6",
                },
              ]
            }
          >
            <View
              style={
                [
                  {
                    "borderRadius": 4,
                    "height": 8,
                    "marginRight": 4,
                    "width": 8,
                  },
                  {
                    "backgroundColor": "#D23B3B",
                  },
                ]
              }
            />
            <Text
              style={
                [
                  {
                    "fontSize": 12,
                    "fontWeight": "600",
                  },
                  {
                    "color": "#D23B3B",
                  },
                ]
              }
            >
              Baixo
            </Text>
          </View>
        </View>
        <View
          style={
            {
              "alignItems": "baseline",
              "flexDirection": "row",
              "gap": 8,
              "marginTop": 8,
            }
          }
        >
          <Text
            style={
              {
                "color": "#1A1A1F",
                "fontSize": 26,
                "fontWeight": "700",
              }
            }
          >
            0,4 Caixas
          </Text>
        </View>
        <View
          style={
            {
              "flexDirection": "row",
              "gap": 12,
              "marginTop": 12,
            }
          }
        >
          <View
            style={
              {
                "flex": 1,
              }
            }
          >
            <Text
              style={
                {
                  "color": "#5C5C6B",
                  "fontSize": 12,
                  "fontWeight": "400",
                }
              }
            >
              Consumo (7 dias)
            </Text>
            <Text
              style={
                {
                  "color": "#1A1A1F",
                  "fontSize": 15,
                  "fontWeight": "600",
                  "marginTop": 2,
                }
              }
            >
              10
            </Text>
          </View>
          <View
            style={
              {
                "flex": 1,
              }
            }
          >
            <Text
              style={
                {
                  "color": "#5C5C6B",
                  "fontSize": 12,
                  "fontWeight": "400",
                }
              }
            >
              Entrada (7 dias)
            </Text>
            <Text
              style={
                {
                  "color": "#1A1A1F",
                  "fontSize": 15,
                  "fontWeight": "600",
                  "marginTop": 2,
                }
              }
            >
              0
            </Text>
          </View>
        </View>
        <View
          style={
            {
              "alignItems": "center",
              "borderTopColor": "#EDEDF2",
              "borderTopWidth": 0.5,
              "flexDirection": "row",
              "justifyContent": "space-between",
              "marginTop": 12,
              "paddingTop": 8,
            }
          }
        >
          <Text
            style={
              {
                "color": "#5C5C6B",
                "flex": 1,
                "fontSize": 12,
                "fontWeight": "400",
              }
            }
          >
            Dura ~6 dia(s) no ritmo atual
          </Text>
          <Text
            testID="icon-chevron-forward"
          >
            chevron-forward
          </Text>
        </View>
      </View>
    </View>
    <View
      style={
        [
          {
            "backgroundColor": "#FFFFFF",
            "borderRadius": 16,
            "elevation": 2,
            "marginBottom": 12,
            "padding": 16,
            "shadowColor": "#0B1B3A",
            "shadowOffset": {
              "height": 2,
              "width": 0,
            },
            "shadowOpacity": 0.08,
            "shadowRadius": 8,
          },
          undefined,
        ]
      }
    >
      <Text
        style={
          {
            "color": "#1A1A1F",
            "fontSize": 15,
            "fontWeight": "700",
            "marginBottom": 12,
          }
        }
      >
        Entradas recentes
      </Text>
      <Text
        style={
          {
            "color": "#5C5C6B",
            "fontSize": 12,
            "fontWeight": "400",
          }
        }
      >
        Nenhuma entrada registrada ainda.
      </Text>
    </View>
    <View
      style={
        [
          {
            "backgroundColor": "#FFFFFF",
            "borderRadius": 16,
            "elevation": 2,
            "marginBottom": 12,
            "padding": 16,
            "shadowColor": "#0B1B3A",
            "shadowOffset": {
              "height": 2,
              "width": 0,
            },
            "shadowOpacity": 0.08,
            "shadowRadius": 8,
          },
          undefined,
        ]
      }
    >
      <Text
        style={
          {
            "color": "#1A1A1F",
            "fontSize": 15,
            "fontWeight": "700",
            "marginBottom": 12,
          }
        }
      >
        Registrar consumo (saída)
      </Text>
      <Text
        style={
          {
            "color": "#5C5C6B",
            "fontSize": 13,
            "fontWeight": "600",
            "marginBottom": 4,
          }
        }
      >
        Insumo
      </Text>
      <View
        style={
          {
            "flexDirection": "row",
            "flexWrap": "wrap",
            "gap": 8,
            "marginBottom": 8,
          }
        }
      >
        <View
          accessibilityState={
            {
              "busy": undefined,
              "checked": undefined,
              "disabled": undefined,
              "expanded": undefined,
              "selected": undefined,
            }
          }
          accessibilityValue={
            {
              "max": undefined,
              "min": undefined,
              "now": undefined,
              "text": undefined,
            }
          }
          accessible={true}
          collapsable={false}
          focusable={true}
          onBlur={[Function]}
          onClick={[Function]}
          onFocus={[Function]}
          onResponderGrant={[Function]}
          onResponderMove={[Function]}
          onResponderRelease={[Function]}
          onResponderTerminate={[Function]}
          onResponderTerminationRequest={[Function]}
          onStartShouldSetResponder={[Function]}
          style={
            [
              {
                "backgroundColor": "#F1F1F4",
                "borderColor": "#E3E3E9",
                "borderRadius": 999,
                "borderWidth": 1,
                "paddingHorizontal": 12,
                "paddingVertical": 4,
              },
              false,
            ]
          }
        >
          <Text
            style={
              [
                {
                  "color": "#5C5C6B",
                  "fontSize": 12,
                  "fontWeight": "400",
                },
                false,
              ]
            }
          >
            Sacolas
          </Text>
        </View>
        <View
          accessibilityState={
            {
              "busy": undefined,
              "checked": undefined,
              "disabled": undefined,
              "expanded": undefined,
              "selected": undefined,
            }
          }
          accessibilityValue={
            {
              "max": undefined,
              "min": undefined,
              "now": undefined,
              "text": undefined,
            }
          }
          accessible={true}
          collapsable={false}
          focusable={true}
          onBlur={[Function]}
          onClick={[Function]}
          onFocus={[Function]}
          onResponderGrant={[Function]}
          onResponderMove={[Function]}
          onResponderRelease={[Function]}
          onResponderTerminate={[Function]}
          onResponderTerminationRequest={[Function]}
          onStartShouldSetResponder={[Function]}
          style={
            [
              {
                "backgroundColor": "#F1F1F4",
                "borderColor": "#E3E3E9",
                "borderRadius": 999,
                "borderWidth": 1,
                "paddingHorizontal": 12,
                "paddingVertical": 4,
              },
              false,
            ]
          }
        >
          <Text
            style={
              [
                {
                  "color": "#5C5C6B",
                  "fontSize": 12,
                  "fontWeight": "400",
                },
                false,
              ]
            }
          >
            Bobina
          </Text>
        </View>
      </View>
      <View
        style={
          {
            "marginBottom": 12,
          }
        }
      >
        <Text
          style={
            {
              "color": "#5C5C6B",
              "fontSize": 13,
              "fontWeight": "600",
              "marginBottom": 4,
            }
          }
        >
          Quantidade (em embalagens)
        </Text>
        <TextInput
          keyboardType="number-pad"
          onChangeText={[Function]}
          placeholder="0"
          placeholderTextColor="#5C5C6B"
          style={
            [
              {
                "backgroundColor": "#FFFFFF",
                "borderColor": "#E3E3E9",
                "borderRadius": 10,
                "borderWidth": 1,
                "color": "#1A1A1F",
                "fontSize": 15,
                "minHeight": 48,
                "paddingHorizontal": 12,
              },
              null,
              undefined,
            ]
          }
          value=""
        />
      </View>
      <View
        accessibilityRole="button"
        accessibilityState={
          {
            "busy": undefined,
            "checked": undefined,
            "disabled": false,
            "expanded": undefined,
            "selected": undefined,
          }
        }
        accessibilityValue={
          {
            "max": undefined,
            "min": undefined,
            "now": undefined,
            "text": undefined,
          }
        }
        accessible={true}
        collapsable={false}
        focusable={true}
        onBlur={[Function]}
        onClick={[Function]}
        onFocus={[Function]}
        onResponderGrant={[Function]}
        onResponderMove={[Function]}
        onResponderRelease={[Function]}
        onResponderTerminate={[Function]}
        onResponderTerminationRequest={[Function]}
        onStartShouldSetResponder={[Function]}
        style={
          [
            {
              "alignItems": "center",
              "borderRadius": 10,
              "justifyContent": "center",
              "minHeight": 48,
              "paddingHorizontal": 16,
            },
            {
              "backgroundColor": "#C8102E",
            },
            false,
            false,
            false,
            undefined,
          ]
        }
      >
        <Text
          style={
            [
              {
                "fontSize": 15,
                "fontWeight": "600",
              },
              {
                "color": "#FFFFFF",
              },
            ]
          }
        >
          Registrar consumo
        </Text>
      </View>
    </View>
    <View
      style={
        [
          {
            "backgroundColor": "#FFFFFF",
            "borderRadius": 16,
            "elevation": 2,
            "marginBottom": 12,
            "padding": 16,
            "shadowColor": "#0B1B3A",
            "shadowOffset": {
              "height": 2,
              "width": 0,
            },
            "shadowOpacity": 0.08,
            "shadowRadius": 8,
          },
          undefined,
        ]
      }
    >
      <Text
        style={
          {
            "color": "#1A1A1F",
            "fontSize": 15,
            "fontWeight": "700",
            "marginBottom": 12,
          }
        }
      >
        Retirada de fardo (sacolas)
      </Text>
      <Text
        style={
          {
            "color": "#5C5C6B",
            "fontSize": 13,
            "fontWeight": "600",
            "marginBottom": 4,
          }
        }
      >
        Insumo de sacolas
      </Text>
      <View
        style={
          {
            "flexDirection": "row",
            "flexWrap": "wrap",
            "gap": 8,
            "marginBottom": 8,
          }
        }
      >
        <View
          accessibilityState={
            {
              "busy": undefined,
              "checked": undefined,
              "disabled": undefined,
              "expanded": undefined,
              "selected": undefined,
            }
          }
          accessibilityValue={
            {
              "max": undefined,
              "min": undefined,
              "now": undefined,
              "text": undefined,
            }
          }
          accessible={true}
          collapsable={false}
          focusable={true}
          onBlur={[Function]}
          onClick={[Function]}
          onFocus={[Function]}
          onResponderGrant={[Function]}
          onResponderMove={[Function]}
          onResponderRelease={[Function]}
          onResponderTerminate={[Function]}
          onResponderTerminationRequest={[Function]}
          onStartShouldSetResponder={[Function]}
          style={
            [
              {
                "backgroundColor": "#F1F1F4",
                "borderColor": "#E3E3E9",
                "borderRadius": 999,
                "borderWidth": 1,
                "paddingHorizontal": 12,
                "paddingVertical": 4,
              },
              false,
            ]
          }
        >
          <Text
            style={
              [
                {
                  "color": "#5C5C6B",
                  "fontSize": 12,
                  "fontWeight": "400",
                },
                false,
              ]
            }
          >
            Sacolas
          </Text>
        </View>
      </View>
      <View
        accessibilityRole="button"
        accessibilityState={
          {
            "busy": undefined,
            "checked": undefined,
            "disabled": false,
            "expanded": undefined,
            "selected": undefined,
          }
        }
        accessibilityValue={
          {
            "max": undefined,
            "min": undefined,
            "now": undefined,
            "text": undefined,
          }
        }
        accessible={true}
        collapsable={false}
        focusable={true}
        onBlur={[Function]}
        onClick={[Function]}
        onFocus={[Function]}
        onResponderGrant={[Function]}
        onResponderMove={[Function]}
        onResponderRelease={[Function]}
        onResponderTerminate={[Function]}
        onResponderTerminationRequest={[Function]}
        onStartShouldSetResponder={[Function]}
        style={
          [
            {
              "alignItems": "center",
              "borderRadius": 10,
              "justifyContent": "center",
              "minHeight": 48,
              "paddingHorizontal": 16,
            },
            {
              "backgroundColor": "#C8102E",
            },
            false,
            false,
            false,
            {
              "marginTop": 8,
            },
          ]
        }
      >
        <Text
          style={
            [
              {
                "fontSize": 15,
                "fontWeight": "600",
              },
              {
                "color": "#FFFFFF",
              },
            ]
          }
        >
          Ler código de barras
        </Text>
      </View>
    </View>
  </View>
</RCTScrollView>
`;
