// Jest Snapshot v1, https://goo.gl/fbAQLP

exports[`ImportacoesScreen mantém o snapshot da tela de carga 1`] = `
<RCTScrollView
  contentContainerStyle={
    [
      {
        "paddingBottom": 16,
        "paddingHorizontal": 16,
        "paddingTop": 16,
      },
      undefined,
    ]
  }
  keyboardShouldPersistTaps="handled"
  style={
    {
      "backgroundColor": "#F5F5F7",
      "flex": 1,
    }
  }
>
  <View>
    <View
      style={
        {
          "marginBottom": 12,
        }
      }
    >
      <Text
        style={
          {
            "color": "#5C5C6B",
            "fontSize": 13,
            "fontWeight": "600",
            "marginBottom": 4,
          }
        }
      >
        Dia de referência
      </Text>
      <View
        style={
          {
            "alignItems": "center",
            "backgroundColor": "#FFFFFF",
            "borderColor": "#E3E3E9",
            "borderRadius": 10,
            "borderWidth": 1,
            "flexDirection": "row",
            "height": 48,
            "justifyContent": "space-between",
            "paddingHorizontal": 8,
          }
        }
      >
        <View
          accessibilityLabel="Dia anterior"
          accessibilityState={
            {
              "busy": undefined,
              "checked": undefined,
              "disabled": undefined,
              "expanded": undefined,
              "selected": undefined,
            }
          }
          accessibilityValue={
            {
              "max": undefined,
              "min": undefined,
              "now": undefined,
              "text": undefined,
            }
          }
          accessible={true}
          collapsable={false}
          focusable={true}
          hitSlop={8}
          onBlur={[Function]}
          onClick={[Function]}
          onFocus={[Function]}
          onResponderGrant={[Function]}
          onResponderMove={[Function]}
          onResponderRelease={[Function]}
          onResponderTerminate={[Function]}
          onResponderTerminationRequest={[Function]}
          onStartShouldSetResponder={[Function]}
          style={
            {
              "padding": 8,
            }
          }
        >
          <Text
            testID="icon-chevron-back"
          >
            chevron-back
          </Text>
        </View>
        <Text
          style={
            {
              "color": "#1A1A1F",
              "fontSize": 15,
              "fontWeight": "600",
            }
          }
        >
          19/06/2026
        </Text>
        <View
          accessibilityLabel="Próximo dia"
          accessibilityState={
            {
              "busy": undefined,
              "checked": undefined,
              "disabled": undefined,
              "expanded": undefined,
              "selected": undefined,
            }
          }
          accessibilityValue={
            {
              "max": undefined,
              "min": undefined,
              "now": undefined,
              "text": undefined,
            }
          }
          accessible={true}
          collapsable={false}
          focusable={true}
          hitSlop={8}
          onBlur={[Function]}
          onClick={[Function]}
          onFocus={[Function]}
          onResponderGrant={[Function]}
          onResponderMove={[Function]}
          onResponderRelease={[Function]}
          onResponderTerminate={[Function]}
          onResponderTerminationRequest={[Function]}
          onStartShouldSetResponder={[Function]}
          style={
            [
              {
                "padding": 8,
              },
              false,
            ]
          }
        >
          <Text
            testID="icon-chevron-forward"
          >
            chevron-forward
          </Text>
        </View>
      </View>
    </View>
    <View
      style={
        [
          {
            "backgroundColor": "#FFFFFF",
            "borderRadius": 16,
            "elevation": 2,
            "marginBottom": 12,
            "padding": 16,
            "shadowColor": "#0B1B3A",
            "shadowOffset": {
              "height": 2,
              "width": 0,
            },
            "shadowOpacity": 0.08,
            "shadowRadius": 8,
          },
          undefined,
        ]
      }
    >
      <Text
        style={
          {
            "color": "#1A1A1F",
            "fontSize": 15,
            "fontWeight": "700",
            "marginBottom": 12,
          }
        }
      >
        Carregar arquivos do dia
      </Text>
      <Text
        style={
          {
            "color": "#5C5C6B",
            "fontSize": 12,
            "fontWeight": "400",
            "marginBottom": 8,
          }
        }
      >
        Envie o bloc de notas de cada arquivo do dia. Se um indicador não teve movimento (ex.: nenhum cancelamento), toque em "Sem movimento".
      </Text>
      <View
        style={
          {
            "borderBottomColor": "#EDEDF2",
            "borderBottomWidth": 0.5,
            "paddingVertical": 8,
          }
        }
      >
        <View
          style={
            {
              "alignItems": "center",
              "flexDirection": "row",
              "gap": 4,
              "marginBottom": 4,
            }
          }
        >
          <Text
            testID="icon-heart-outline"
          >
            heart-outline
          </Text>
          <Text
            style={
              {
                "color": "#1A1A1F",
                "flex": 1,
                "fontSize": 15,
                "fontWeight": "600",
              }
            }
          >
            Troco Solidário
          </Text>
        </View>
        <View
          style={
            {
              "alignItems": "center",
              "flexDirection": "row",
              "gap": 8,
            }
          }
        >
          <View
            accessibilityRole="button"
            accessibilityState={
              {
                "busy": undefined,
                "checked": undefined,
                "disabled": false,
                "expanded": undefined,
                "selected": undefined,
              }
            }
            accessibilityValue={
              {
                "max": undefined,
                "min": undefined,
                "now": undefined,
                "text": undefined,
              }
            }
            accessible={true}
            collapsable={false}
            focusable={true}
            onBlur={[Function]}
            onClick={[Function]}
            onFocus={[Function]}
            onResponderGrant={[Function]}
            onResponderMove={[Function]}
            onResponderRelease={[Function]}
            onResponderTerminate={[Function]}
            onResponderTerminationRequest={[Function]}
            onStartShouldSetResponder={[Function]}
            style={
              [
                {
                  "alignItems": "center",
                  "borderRadius": 10,
                  "justifyContent": "center",
                  "minHeight": 48,
                  "paddingHorizontal": 16,
                },
                {
                  "backgroundColor": "#FCE6EA",
                },
                false,
                false,
                false,
                {
                  "minHeight": 40,
                  "paddingHorizontal": 12,
                },
              ]
            }
          >
            <Text
              style={
                [
                  {
                    "fontSize": 15,
                    "fontWeight": "600",
                  },
                  {
                    "color": "#C8102E",
                  },
                ]
              }
            >
              Carregar
            </Text>
          </View>
          <View
            accessibilityRole="button"
            accessibilityState={
              {
                "busy": undefined,
                "checked": undefined,
                "disabled": false,
                "expanded": undefined,
                "selected": undefined,
              }
            }
            accessibilityValue={
              {
                "max": undefined,
                "min": undefined,
                "now": undefined,
                "text": undefined,
              }
            }
            accessible={true}
            collapsable={false}
            focusable={true}
            onBlur={[Function]}
            onClick={[Function]}
            onFocus={[Function]}
            onResponderGrant={[Function]}
            onResponderMove={[Function]}
            onResponderRelease={[Function]}
            onResponderTerminate={[Function]}
            onResponderTerminationRequest={[Function]}
            onStartShouldSetResponder={[Function]}
            style={
              [
                {
                  "alignItems": "center",
                  "borderRadius": 10,
                  "justifyContent": "center",
                  "minHeight": 48,
                  "paddingHorizontal": 16,
                },
                {
                  "backgroundColor": "transparent",
                },
                {
                  "minHeight": 40,
                },
                false,
                false,
                undefined,
              ]
            }
          >
            <Text
              style={
                [
                  {
                    "fontSize": 15,
                    "fontWeight": "600",
                  },
                  {
                    "color": "#C8102E",
                  },
                ]
              }
            >
              Sem movimento
            </Text>
          </View>
        </View>
      </View>
      <View
        style={
          {
            "borderBottomColor": "#EDEDF2",
            "borderBottomWidth": 0.5,
            "paddingVertical": 8,
          }
        }
      >
        <View
          style={
            {
              "alignItems": "center",
              "flexDirection": "row",
              "gap": 4,
              "marginBottom": 4,
            }
          }
        >
          <Text
            testID="icon-phone-portrait-outline"
          >
            phone-portrait-outline
          </Text>
          <Text
            style={
              {
                "color": "#1A1A1F",
                "flex": 1,
                "fontSize": 15,
                "fontWeight": "600",
              }
            }
          >
            Recargas de Celular
          </Text>
        </View>
        <View
          style={
            {
              "alignItems": "center",
              "flexDirection": "row",
              "gap": 8,
            }
          }
        >
          <View
            accessibilityRole="button"
            accessibilityState={
              {
                "busy": undefined,
                "checked": undefined,
                "disabled": false,
                "expanded": undefined,
                "selected": undefined,
              }
            }
            accessibilityValue={
              {
                "max": undefined,
                "min": undefined,
                "now": undefined,
                "text": undefined,
              }
            }
            accessible={true}
            collapsable={false}
            focusable={true}
            onBlur={[Function]}
            onClick={[Function]}
            onFocus={[Function]}
            onResponderGrant={[Function]}
            onResponderMove={[Function]}
            onResponderRelease={[Function]}
            onResponderTerminate={[Function]}
            onResponderTerminationRequest={[Function]}
            onStartShouldSetResponder={[Function]}
            style={
              [
                {
                  "alignItems": "center",
                  "borderRadius": 10,
                  "justifyContent": "center",
                  "minHeight": 48,
                  "paddingHorizontal": 16,
                },
                {
                  "backgroundColor": "#FCE6EA",
                },
                false,
                false,
                false,
                {
                  "minHeight": 40,
                  "paddingHorizontal": 12,
                },
              ]
            }
          >
            <Text
              style={
                [
                  {
                    "fontSize": 15,
                    "fontWeight": "600",
                  },
                  {
                    "color": "#C8102E",
                  },
                ]
              }
            >
              Carregar
            </Text>
          </View>
          <View
            accessibilityRole="button"
            accessibilityState={
              {
                "busy": undefined,
                "checked": undefined,
                "disabled": false,
                "expanded": undefined,
                "selected": undefined,
              }
            }
            accessibilityValue={
              {
                "max": undefined,
                "min": undefined,
                "now": undefined,
                "text": undefined,
              }
            }
            accessible={true}
            collapsable={false}
            focusable={true}
            onBlur={[Function]}
            onClick={[Function]}
            onFocus={[Function]}
            onResponderGrant={[Function]}
            onResponderMove={[Function]}
            onResponderRelease={[Function]}
            onResponderTerminate={[Function]}
            onResponderTerminationRequest={[Function]}
            onStartShouldSetResponder={[Function]}
            style={
              [
                {
                  "alignItems": "center",
                  "borderRadius": 10,
                  "justifyContent": "center",
                  "minHeight": 48,
                  "paddingHorizontal": 16,
                },
                {
                  "backgroundColor": "transparent",
                },
                {
                  "minHeight": 40,
                },
                false,
                false,
                undefined,
              ]
            }
          >
            <Text
              style={
                [
                  {
                    "fontSize": 15,
                    "fontWeight": "600",
                  },
                  {
                    "color": "#C8102E",
                  },
                ]
              }
            >
              Sem movimento
            </Text>
          </View>
        </View>
      </View>
      <View
        style={
          {
            "borderBottomColor": "#EDEDF2",
            "borderBottomWidth": 0.5,
            "paddingVertical": 8,
          }
        }
      >
        <View
          style={
            {
              "alignItems": "center",
              "flexDirection": "row",
              "gap": 4,
              "marginBottom": 4,
            }
          }
        >
          <Text
            testID="icon-remove-circle-outline"
          >
            remove-circle-outline
          </Text>
          <Text
            style={
              {
                "color": "#1A1A1F",
                "flex": 1,
                "fontSize": 15,
                "fontWeight": "600",
              }
            }
          >
            Cancelamento de Itens
          </Text>
        </View>
        <View
          style={
            {
              "alignItems": "center",
              "flexDirection": "row",
              "gap": 8,
            }
          }
        >
          <View
            accessibilityRole="button"
            accessibilityState={
              {
                "busy": undefined,
                "checked": undefined,
                "disabled": false,
                "expanded": undefined,
                "selected": undefined,
              }
            }
            accessibilityValue={
              {
                "max": undefined,
                "min": undefined,
                "now": undefined,
                "text": undefined,
              }
            }
            accessible={true}
            collapsable={false}
            focusable={true}
            onBlur={[Function]}
            onClick={[Function]}
            onFocus={[Function]}
            onResponderGrant={[Function]}
            onResponderMove={[Function]}
            onResponderRelease={[Function]}
            onResponderTerminate={[Function]}
            onResponderTerminationRequest={[Function]}
            onStartShouldSetResponder={[Function]}
            style={
              [
                {
                  "alignItems": "center",
                  "borderRadius": 10,
                  "justifyContent": "center",
                  "minHeight": 48,
                  "paddingHorizontal": 16,
                },
                {
                  "backgroundColor": "#FCE6EA",
                },
                false,
                false,
                false,
                {
                  "minHeight": 40,
                  "paddingHorizontal": 12,
                },
              ]
            }
          >
            <Text
              style={
                [
                  {
                    "fontSize": 15,
                    "fontWeight": "600",
                  },
                  {
                    "color": "#C8102E",
                  },
                ]
              }
            >
              Carregar
            </Text>
          </View>
          <View
            accessibilityRole="button"
            accessibilityState={
              {
                "busy": undefined,
                "checked": undefined,
                "disabled": false,
                "expanded": undefined,
                "selected": undefined,
              }
            }
            accessibilityValue={
              {
                "max": undefined,
                "min": undefined,
                "now": undefined,
                "text": undefined,
              }
            }
            accessible={true}
            collapsable={false}
            focusable={true}
            onBlur={[Function]}
            onClick={[Function]}
            onFocus={[Function]}
            onResponderGrant={[Function]}
            onResponderMove={[Function]}
            onResponderRelease={[Function]}
            onResponderTerminate={[Function]}
            onResponderTerminationRequest={[Function]}
            onStartShouldSetResponder={[Function]}
            style={
              [
                {
                  "alignItems": "center",
                  "borderRadius": 10,
                  "justifyContent": "center",
                  "minHeight": 48,
                  "paddingHorizontal": 16,
                },
                {
                  "backgroundColor": "transparent",
                },
                {
                  "minHeight": 40,
                },
                false,
                false,
                undefined,
              ]
            }
          >
            <Text
              style={
                [
                  {
                    "fontSize": 15,
                    "fontWeight": "600",
                  },
                  {
                    "color": "#C8102E",
                  },
                ]
              }
            >
              Sem movimento
            </Text>
          </View>
        </View>
      </View>
      <View
        style={
          {
            "borderBottomColor": "#EDEDF2",
            "borderBottomWidth": 0.5,
            "paddingVertical": 8,
          }
        }
      >
        <View
          style={
            {
              "alignItems": "center",
              "flexDirection": "row",
              "gap": 4,
              "marginBottom": 4,
            }
          }
        >
          <Text
            testID="icon-receipt-outline"
          >
            receipt-outline
          </Text>
          <Text
            style={
              {
                "color": "#1A1A1F",
                "flex": 1,
                "fontSize": 15,
                "fontWeight": "600",
              }
            }
          >
            Cancelamento de Cupom
          </Text>
        </View>
        <View
          style={
            {
              "alignItems": "center",
              "flexDirection": "row",
              "gap": 8,
            }
          }
        >
          <View
            accessibilityRole="button"
            accessibilityState={
              {
                "busy": undefined,
                "checked": undefined,
                "disabled": false,
                "expanded": undefined,
                "selected": undefined,
              }
            }
            accessibilityValue={
              {
                "max": undefined,
                "min": undefined,
                "now": undefined,
                "text": undefined,
              }
            }
            accessible={true}
            collapsable={false}
            focusable={true}
            onBlur={[Function]}
            onClick={[Function]}
            onFocus={[Function]}
            onResponderGrant={[Function]}
            onResponderMove={[Function]}
            onResponderRelease={[Function]}
            onResponderTerminate={[Function]}
            onResponderTerminationRequest={[Function]}
            onStartShouldSetResponder={[Function]}
            style={
              [
                {
                  "alignItems": "center",
                  "borderRadius": 10,
                  "justifyContent": "center",
                  "minHeight": 48,
                  "paddingHorizontal": 16,
                },
                {
                  "backgroundColor": "#FCE6EA",
                },
                false,
                false,
                false,
                {
                  "minHeight": 40,
                  "paddingHorizontal": 12,
                },
              ]
            }
          >
            <Text
              style={
                [
                  {
                    "fontSize": 15,
                    "fontWeight": "600",
                  },
                  {
                    "color": "#C8102E",
                  },
                ]
              }
            >
              Carregar
            </Text>
          </View>
          <View
            accessibilityRole="button"
            accessibilityState={
              {
                "busy": undefined,
                "checked": undefined,
                "disabled": false,
                "expanded": undefined,
                "selected": undefined,
              }
            }
            accessibilityValue={
              {
                "max": undefined,
                "min": undefined,
                "now": undefined,
                "text": undefined,
              }
            }
            accessible={true}
            collapsable={false}
            focusable={true}
            onBlur={[Function]}
            onClick={[Function]}
            onFocus={[Function]}
            onResponderGrant={[Function]}
            onResponderMove={[Function]}
            onResponderRelease={[Function]}
            onResponderTerminate={[Function]}
            onResponderTerminationRequest={[Function]}
            onStartShouldSetResponder={[Function]}
            style={
              [
                {
                  "alignItems": "center",
                  "borderRadius": 10,
                  "justifyContent": "center",
                  "minHeight": 48,
                  "paddingHorizontal": 16,
                },
                {
                  "backgroundColor": "transparent",
                },
                {
                  "minHeight": 40,
                },
                false,
                false,
                undefined,
              ]
            }
          >
            <Text
              style={
                [
                  {
                    "fontSize": 15,
                    "fontWeight": "600",
                  },
                  {
                    "color": "#C8102E",
                  },
                ]
              }
            >
              Sem movimento
            </Text>
          </View>
        </View>
      </View>
      <View
        style={
          {
            "borderBottomColor": "#EDEDF2",
            "borderBottomWidth": 0.5,
            "paddingVertical": 8,
          }
        }
      >
        <View
          style={
            {
              "alignItems": "center",
              "flexDirection": "row",
              "gap": 4,
              "marginBottom": 4,
            }
          }
        >
          <Text
            testID="icon-return-down-back-outline"
          >
            return-down-back-outline
          </Text>
          <Text
            style={
              {
                "color": "#1A1A1F",
                "flex": 1,
                "fontSize": 15,
                "fontWeight": "600",
              }
            }
          >
            Devoluções
          </Text>
        </View>
        <View
          style={
            {
              "alignItems": "center",
              "flexDirection": "row",
              "gap": 8,
            }
          }
        >
          <View
            accessibilityRole="button"
            accessibilityState={
              {
                "busy": undefined,
                "checked": undefined,
                "disabled": false,
                "expanded": undefined,
                "selected": undefined,
              }
            }
            accessibilityValue={
              {
                "max": undefined,
                "min": undefined,
                "now": undefined,
                "text": undefined,
              }
            }
            accessible={true}
            collapsable={false}
            focusable={true}
            onBlur={[Function]}
            onClick={[Function]}
            onFocus={[Function]}
            onResponderGrant={[Function]}
            onResponderMove={[Function]}
            onResponderRelease={[Function]}
            onResponderTerminate={[Function]}
            onResponderTerminationRequest={[Function]}
            onStartShouldSetResponder={[Function]}
            style={
              [
                {
                  "alignItems": "center",
                  "borderRadius": 10,
                  "justifyContent": "center",
                  "minHeight": 48,
                  "paddingHorizontal": 16,
                },
                {
                  "backgroundColor": "#FCE6EA",
                },
                false,
                false,
                false,
                {
                  "minHeight": 40,
                  "paddingHorizontal": 12,
                },
              ]
            }
          >
            <Text
              style={
                [
                  {
                    "fontSize": 15,
                    "fontWeight": "600",
                  },
                  {
                    "color": "#C8102E",
                  },
                ]
              }
            >
              Carregar
            </Text>
          </View>
          <View
            accessibilityRole="button"
            accessibilityState={
              {
                "busy": undefined,
                "checked": undefined,
                "disabled": false,
                "expanded": undefined,
                "selected": undefined,
              }
            }
            accessibilityValue={
              {
                "max": undefined,
                "min": undefined,
                "now": undefined,
                "text": undefined,
              }
            }
            accessible={true}
            collapsable={false}
            focusable={true}
            onBlur={[Function]}
            onClick={[Function]}
            onFocus={[Function]}
            onResponderGrant={[Function]}
            onResponderMove={[Function]}
            onResponderRelease={[Function]}
            onResponderTerminate={[Function]}
            onResponderTerminationRequest={[Function]}
            onStartShouldSetResponder={[Function]}
            style={
              [
                {
                  "alignItems": "center",
                  "borderRadius": 10,
                  "justifyContent": "center",
                  "minHeight": 48,
                  "paddingHorizontal": 16,
                },
                {
                  "backgroundColor": "transparent",
                },
                {
                  "minHeight": 40,
                },
                false,
                false,
                undefined,
              ]
            }
          >
            <Text
              style={
                [
                  {
                    "fontSize": 15,
                    "fontWeight": "600",
                  },
                  {
                    "color": "#C8102E",
                  },
                ]
              }
            >
              Sem movimento
            </Text>
          </View>
        </View>
      </View>
      <View
        style={
          {
            "borderBottomColor": "#EDEDF2",
            "borderBottomWidth": 0.5,
            "paddingVertical": 8,
          }
        }
      >
        <View
          style={
            {
              "alignItems": "center",
              "flexDirection": "row",
              "gap": 4,
              "marginBottom": 4,
            }
          }
        >
          <Text
            testID="icon-cash-outline"
          >
            cash-outline
          </Text>
          <Text
            style={
              {
                "color": "#1A1A1F",
                "flex": 1,
                "fontSize": 15,
                "fontWeight": "600",
              }
            }
          >
            Vendas por hora
          </Text>
        </View>
        <View
          style={
            {
              "alignItems": "center",
              "flexDirection": "row",
              "gap": 8,
            }
          }
        >
          <View
            accessibilityRole="button"
            accessibilityState={
              {
                "busy": undefined,
                "checked": undefined,
                "disabled": false,
                "expanded": undefined,
                "selected": undefined,
              }
            }
            accessibilityValue={
              {
                "max": undefined,
                "min": undefined,
                "now": undefined,
                "text": undefined,
              }
            }
            accessible={true}
            collapsable={false}
            focusable={true}
            onBlur={[Function]}
            onClick={[Function]}
            onFocus={[Function]}
            onResponderGrant={[Function]}
            onResponderMove={[Function]}
            onResponderRelease={[Function]}
            onResponderTerminate={[Function]}
            onResponderTerminationRequest={[Function]}
            onStartShouldSetResponder={[Function]}
            style={
              [
                {
                  "alignItems": "center",
                  "borderRadius": 10,
                  "justifyContent": "center",
                  "minHeight": 48,
                  "paddingHorizontal": 16,
                },
                {
                  "backgroundColor": "#FCE6EA",
                },
                false,
                false,
                false,
                {
                  "minHeight": 40,
                  "paddingHorizontal": 12,
                },
              ]
            }
          >
            <Text
              style={
                [
                  {
                    "fontSize": 15,
                    "fontWeight": "600",
                  },
                  {
                    "color": "#C8102E",
                  },
                ]
              }
            >
              Carregar
            </Text>
          </View>
        </View>
      </View>
    </View>
  </View>
</RCTScrollView>
`;
